D:/Software/Qt/Tools/mingw1310_64/bin/mingw32-make -f Makefile.Release
mingw32-make[1]: Entering directory 'E:/A1/FloatingUniverse-master'
g++ -c -fno-keep-inline-dllexport -O2 -Wall -Wextra -Wextra -fexceptions -mthreads -DUNICODE -D_UNICODE -DWIN32 -DMINGW_HAS_SECURE_API=1 -DQT_DEPRECATED_WARNINGS -DENABLE_TRAY -DQT_NO_DEBUG -DQT_SVG_LIB -DQT_WIDGETS_LIB -DQT_GUI_LIB -DQT_NETWORK_LIB -DQT_CORE_LIB -DQT_NEEDS_QMAIN -I. -Ithird_party/color_octree -Ithird_party/facile_menu -Ithird_party/interactive_buttons -Ithird_party/smooth_scroll -Ithird_party/utils -Ithird_party -Iglobal -Iwidgets -Imainwindow -ID:/Software/Qt/6.11.1/mingw_64/include -ID:/Software/Qt/6.11.1/mingw_64/include/QtSvg -ID:/Software/Qt/6.11.1/mingw_64/include/QtWidgets -ID:/Software/Qt/6.11.1/mingw_64/include/QtGui -ID:/Software/Qt/6.11.1/mingw_64/include/QtNetwork -ID:/Software/Qt/6.11.1/mingw_64/include/QtCore -Irelease -I. -I/include -ID:/Software/Qt/6.11.1/mingw_64/mkspecs/win32-g++  -o release\universepanel.o panel\universepanel.cpp
g++ -c -fno-keep-inline-dllexport -O2 -Wall -Wextra -Wextra -fexceptions -mthreads -DUNICODE -D_UNICODE -DWIN32 -DMINGW_HAS_SECURE_API=1 -DQT_DEPRECATED_WARNINGS -DENABLE_TRAY -DQT_NO_DEBUG -DQT_SVG_LIB -DQT_WIDGETS_LIB -DQT_GUI_LIB -DQT_NETWORK_LIB -DQT_CORE_LIB -DQT_NEEDS_QMAIN -I. -Ithird_party/color_octree -Ithird_party/facile_menu -Ithird_party/interactive_buttons -Ithird_party/smooth_scroll -Ithird_party/utils -Ithird_party -Iglobal -Iwidgets -Imainwindow -ID:/Software/Qt/6.11.1/mingw_64/include -ID:/Software/Qt/6.11.1/mingw_64/include/QtSvg -ID:/Software/Qt/6.11.1/mingw_64/include/QtWidgets -ID:/Software/Qt/6.11.1/mingw_64/include/QtGui -ID:/Software/Qt/6.11.1/mingw_64/include/QtNetwork -ID:/Software/Qt/6.11.1/mingw_64/include/QtCore -Irelease -I. -I/include -ID:/Software/Qt/6.11.1/mingw_64/mkspecs/win32-g++  -o release\interactivebuttonbase.o third_party\interactive_buttons\interactivebuttonbase.cpp
g++ -c -fno-keep-inline-dllexport -O2 -Wall -Wextra -Wextra -fexceptions -mthreads -DUNICODE -D_UNICODE -DWIN32 -DMINGW_HAS_SECURE_API=1 -DQT_DEPRECATED_WARNINGS -DENABLE_TRAY -DQT_NO_DEBUG -DQT_SVG_LIB -DQT_WIDGETS_LIB -DQT_GUI_LIB -DQT_NETWORK_LIB -DQT_CORE_LIB -DQT_NEEDS_QMAIN -I. -Ithird_party/color_octree -Ithird_party/facile_menu -Ithird_party/interactive_buttons -Ithird_party/smooth_scroll -Ithird_party/utils -Ithird_party -Iglobal -Iwidgets -Imainwindow -ID:/Software/Qt/6.11.1/mingw_64/include -ID:/Software/Qt/6.11.1/mingw_64/include/QtSvg -ID:/Software/Qt/6.11.1/mingw_64/include/QtWidgets -ID:/Software/Qt/6.11.1/mingw_64/include/QtGui -ID:/Software/Qt/6.11.1/mingw_64/include/QtNetwork -ID:/Software/Qt/6.11.1/mingw_64/include/QtCore -Irelease -I. -I/include -ID:/Software/Qt/6.11.1/mingw_64/mkspecs/win32-g++  -o release\mainwindow.o mainwindow\mainwindow.cpp
g++ -c -fno-keep-inline-dllexport -O2 -Wall -Wextra -Wextra -fexceptions -mthreads -DUNICODE -D_UNICODE -DWIN32 -DMINGW_HAS_SECURE_API=1 -DQT_DEPRECATED_WARNINGS -DENABLE_TRAY -DQT_NO_DEBUG -DQT_SVG_LIB -DQT_WIDGETS_LIB -DQT_GUI_LIB -DQT_NETWORK_LIB -DQT_CORE_LIB -DQT_NEEDS_QMAIN -I. -Ithird_party/color_octree -Ithird_party/facile_menu -Ithird_party/interactive_buttons -Ithird_party/smooth_scroll -Ithird_party/utils -Ithird_party -Iglobal -Iwidgets -Imainwindow -ID:/Software/Qt/6.11.1/mingw_64/include -ID:/Software/Qt/6.11.1/mingw_64/include/QtSvg -ID:/Software/Qt/6.11.1/mingw_64/include/QtWidgets -ID:/Software/Qt/6.11.1/mingw_64/include/QtGui -ID:/Software/Qt/6.11.1/mingw_64/include/QtNetwork -ID:/Software/Qt/6.11.1/mingw_64/include/QtCore -Irelease -I. -I/include -ID:/Software/Qt/6.11.1/mingw_64/mkspecs/win32-g++  -o release\stringutil.o third_party\utils\stringutil.cpp
g++ -c -fno-keep-inline-dllexport -O2 -Wall -Wextra -Wextra -fexceptions -mthreads -DUNICODE -D_UNICODE -DWIN32 -DMINGW_HAS_SECURE_API=1 -DQT_DEPRECATED_WARNINGS -DENABLE_TRAY -DQT_NO_DEBUG -DQT_SVG_LIB -DQT_WIDGETS_LIB -DQT_GUI_LIB -DQT_NETWORK_LIB -DQT_CORE_LIB -DQT_NEEDS_QMAIN -I. -Ithird_party/color_octree -Ithird_party/facile_menu -Ithird_party/interactive_buttons -Ithird_party/smooth_scroll -Ithird_party/utils -Ithird_party -Iglobal -Iwidgets -Imainwindow -ID:/Software/Qt/6.11.1/mingw_64/include -ID:/Software/Qt/6.11.1/mingw_64/include/QtSvg -ID:/Software/Qt/6.11.1/mingw_64/include/QtWidgets -ID:/Software/Qt/6.11.1/mingw_64/include/QtGui -ID:/Software/Qt/6.11.1/mingw_64/include/QtNetwork -ID:/Software/Qt/6.11.1/mingw_64/include/QtCore -Irelease -I. -I/include -ID:/Software/Qt/6.11.1/mingw_64/mkspecs/win32-g++  -o release\qsshighlighteditor.o widgets\qss_editor\qsshighlighteditor.cpp
D:\Software\Qt\6.11.1\mingw_64\bin\rcc.exe -name resources --no-zstd resources\resources.qrc -o release\qrc_resources.cpp
g++ -fno-keep-inline-dllexport -O2 -Wall -Wextra -Wextra -dM -E -o release\moc_predefs.h D:\Software\Qt\6.11.1\mingw_64\mkspecs\features\data\dummy.cpp
windres -i resources\resource.rc -o release\resource_res.o --include-dir=./resources -DUNICODE -D_UNICODE -DWIN32 -DMINGW_HAS_SECURE_API=1 -DQT_DEPRECATED_WARNINGS -DENABLE_TRAY -DQT_NO_DEBUG -DQT_SVG_LIB -DQT_WIDGETS_LIB -DQT_GUI_LIB -DQT_NETWORK_LIB -DQT_CORE_LIB -DQT_NEEDS_QMAIN
g++ -c -fno-keep-inline-dllexport -O2 -Wall -Wextra -Wextra -fexceptions -mthreads -DUNICODE -D_UNICODE -DWIN32 -DMINGW_HAS_SECURE_API=1 -DQT_DEPRECATED_WARNINGS -DENABLE_TRAY -DQT_NO_DEBUG -DQT_SVG_LIB -DQT_WIDGETS_LIB -DQT_GUI_LIB -DQT_NETWORK_LIB -DQT_CORE_LIB -DQT_NEEDS_QMAIN -I. -Ithird_party/color_octree -Ithird_party/facile_menu -Ithird_party/interactive_buttons -Ithird_party/smooth_scroll -Ithird_party/utils -Ithird_party -Iglobal -Iwidgets -Imainwindow -ID:/Software/Qt/6.11.1/mingw_64/include -ID:/Software/Qt/6.11.1/mingw_64/include/QtSvg -ID:/Software/Qt/6.11.1/mingw_64/include/QtWidgets -ID:/Software/Qt/6.11.1/mingw_64/include/QtGui -ID:/Software/Qt/6.11.1/mingw_64/include/QtNetwork -ID:/Software/Qt/6.11.1/mingw_64/include/QtCore -Irelease -I. -I/include -ID:/Software/Qt/6.11.1/mingw_64/mkspecs/win32-g++  -o release\qrc_resources.o release\qrc_resources.cpp
D:\Software\Qt\6.11.1\mingw_64\bin\moc.exe -DUNICODE -D_UNICODE -DWIN32 -DMINGW_HAS_SECURE_API=1 -DQT_DEPRECATED_WARNINGS -DENABLE_TRAY -DQT_NO_DEBUG -DQT_SVG_LIB -DQT_WIDGETS_LIB -DQT_GUI_LIB -DQT_NETWORK_LIB -DQT_CORE_LIB -DQT_NEEDS_QMAIN --include E:/A1/FloatingUniverse-master/release/moc_predefs.h -ID:/Software/Qt/6.11.1/mingw_64/mkspecs/win32-g++ -IE:/A1/FloatingUniverse-master -IE:/A1/FloatingUniverse-master/third_party/color_octree -IE:/A1/FloatingUniverse-master/third_party/facile_menu -IE:/A1/FloatingUniverse-master/third_party/interactive_buttons -IE:/A1/FloatingUniverse-master/third_party/smooth_scroll -IE:/A1/FloatingUniverse-master/third_party/utils -IE:/A1/FloatingUniverse-master/third_party -IE:/A1/FloatingUniverse-master/global -IE:/A1/FloatingUniverse-master/widgets -IE:/A1/FloatingUniverse-master/mainwindow -ID:/Software/Qt/6.11.1/mingw_64/include -ID:/Software/Qt/6.11.1/mingw_64/include/QtSvg -ID:/Software/Qt/6.11.1/mingw_64/include/QtWidgets -ID:/Software/Qt/6.11.1/mingw_64/include/QtGui -ID:/Software/Qt/6.11.1/mingw_64/include/QtNetwork -ID:/Software/Qt/6.11.1/mingw_64/include/QtCore -ID:/Software/Qt/Tools/mingw1310_64/lib/gcc/x86_64-w64-mingw32/13.1.0/include/c++ -ID:/Software/Qt/Tools/mingw1310_64/lib/gcc/x86_64-w64-mingw32/13.1.0/include/c++/x86_64-w64-mingw32 -ID:/Software/Qt/Tools/mingw1310_64/lib/gcc/x86_64-w64-mingw32/13.1.0/include/c++/backward -ID:/Software/Qt/Tools/mingw1310_64/lib/gcc/x86_64-w64-mingw32/13.1.0/include -ID:/Software/Qt/Tools/mingw1310_64/lib/gcc/x86_64-w64-mingw32/13.1.0/include-fixed -ID:/Software/Qt/Tools/mingw1310_64/x86_64-w64-mingw32/include global\signaltransfer.h -o release\moc_signaltransfer.cpp
D:\Software\Qt\6.11.1\mingw_64\bin\moc.exe -DUNICODE -D_UNICODE -DWIN32 -DMINGW_HAS_SECURE_API=1 -DQT_DEPRECATED_WARNINGS -DENABLE_TRAY -DQT_NO_DEBUG -DQT_SVG_LIB -DQT_WIDGETS_LIB -DQT_GUI_LIB -DQT_NETWORK_LIB -DQT_CORE_LIB -DQT_NEEDS_QMAIN --include E:/A1/FloatingUniverse-master/release/moc_predefs.h -ID:/Software/Qt/6.11.1/mingw_64/mkspecs/win32-g++ -IE:/A1/FloatingUniverse-master -IE:/A1/FloatingUniverse-master/third_party/color_octree -IE:/A1/FloatingUniverse-master/third_party/facile_menu -IE:/A1/FloatingUniverse-master/third_party/interactive_buttons -IE:/A1/FloatingUniverse-master/third_party/smooth_scroll -IE:/A1/FloatingUniverse-master/third_party/utils -IE:/A1/FloatingUniverse-master/third_party -IE:/A1/FloatingUniverse-master/global -IE:/A1/FloatingUniverse-master/widgets -IE:/A1/FloatingUniverse-master/mainwindow -ID:/Software/Qt/6.11.1/mingw_64/include -ID:/Software/Qt/6.11.1/mingw_64/include/QtSvg -ID:/Software/Qt/6.11.1/mingw_64/include/QtWidgets -ID:/Software/Qt/6.11.1/mingw_64/include/QtGui -ID:/Software/Qt/6.11.1/mingw_64/include/QtNetwork -ID:/Software/Qt/6.11.1/mingw_64/include/QtCore -ID:/Software/Qt/Tools/mingw1310_64/lib/gcc/x86_64-w64-mingw32/13.1.0/include/c++ -ID:/Software/Qt/Tools/mingw1310_64/lib/gcc/x86_64-w64-mingw32/13.1.0/include/c++/x86_64-w64-mingw32 -ID:/Software/Qt/Tools/mingw1310_64/lib/gcc/x86_64-w64-mingw32/13.1.0/include/c++/backward -ID:/Software/Qt/Tools/mingw1310_64/lib/gcc/x86_64-w64-mingw32/13.1.0/include -ID:/Software/Qt/Tools/mingw1310_64/lib/gcc/x86_64-w64-mingw32/13.1.0/include-fixed -ID:/Software/Qt/Tools/mingw1310_64/x86_64-w64-mingw32/include panel\customedit.h -o release\moc_customedit.cpp
D:\Software\Qt\6.11.1\mingw_64\bin\moc.exe -DUNICODE -D_UNICODE -DWIN32 -DMINGW_HAS_SECURE_API=1 -DQT_DEPRECATED_WARNINGS -DENABLE_TRAY -DQT_NO_DEBUG -DQT_SVG_LIB -DQT_WIDGETS_LIB -DQT_GUI_LIB -DQT_NETWORK_LIB -DQT_CORE_LIB -DQT_NEEDS_QMAIN --include E:/A1/FloatingUniverse-master/release/moc_predefs.h -ID:/Software/Qt/6.11.1/mingw_64/mkspecs/win32-g++ -IE:/A1/FloatingUniverse-master -IE:/A1/FloatingUniverse-master/third_party/color_octree -IE:/A1/FloatingUniverse-master/third_party/facile_menu -IE:/A1/FloatingUniverse-master/third_party/interactive_buttons -IE:/A1/FloatingUniverse-master/third_party/smooth_scroll -IE:/A1/FloatingUniverse-master/third_party/utils -IE:/A1/FloatingUniverse-master/third_party -IE:/A1/FloatingUniverse-master/global -IE:/A1/FloatingUniverse-master/widgets -IE:/A1/FloatingUniverse-master/mainwindow -ID:/Software/Qt/6.11.1/mingw_64/include -ID:/Software/Qt/6.11.1/mingw_64/include/QtSvg -ID:/Software/Qt/6.11.1/mingw_64/include/QtWidgets -ID:/Software/Qt/6.11.1/mingw_64/include/QtGui -ID:/Software/Qt/6.11.1/mingw_64/include/QtNetwork -ID:/Software/Qt/6.11.1/mingw_64/include/QtCore -ID:/Software/Qt/Tools/mingw1310_64/lib/gcc/x86_64-w64-mingw32/13.1.0/include/c++ -ID:/Software/Qt/Tools/mingw1310_64/lib/gcc/x86_64-w64-mingw32/13.1.0/include/c++/x86_64-w64-mingw32 -ID:/Software/Qt/Tools/mingw1310_64/lib/gcc/x86_64-w64-mingw32/13.1.0/include/c++/backward -ID:/Software/Qt/Tools/mingw1310_64/lib/gcc/x86_64-w64-mingw32/13.1.0/include -ID:/Software/Qt/Tools/mingw1310_64/lib/gcc/x86_64-w64-mingw32/13.1.0/include-fixed -ID:/Software/Qt/Tools/mingw1310_64/x86_64-w64-mingw32/include panel\customlistwidget.h -o release\moc_customlistwidget.cpp
mingw32-make : In file included from panel\universepanel.cpp:21:
所在位置 行:1 字符: 106
+ ... t\Tools\mingw1310_64\bin;" + $env:Path; mingw32-make -j8 2>&1 | Tee-O ...
+                                             ~~~~~~~~~~~~~~~~~~~~~
    + CategoryInfo          : NotSpecified: (In file include...sepanel.cpp:21::String) [], RemoteException
    + FullyQualifiedErrorId : NativeCommandError
 
third_party/utils/netutil.h:11:10: fatal error: QTextCodec: No such file or directory
   11 | #include <QTextCodec>
      |          ^~~~~~~~~~~~
compilation terminated.
In file included from mainwindow\mainwindow.cpp:10:
third_party/utils/netutil.h:11:10: fatal error: QTextCodec: No such file or directory
   11 | #include <QTextCodec>
      |          ^~~~~~~~~~~~
compilation terminated.
mingw32-make[1]: *** [Makefile.Release:14542: release/universepanel.o] Error 1
mingw32-make[1]: *** Waiting for unfinished jobs....
mingw32-make[1]: *** [Makefile.Release:16750: release/mainwindow.o] Error 1
third_party\utils\stringutil.cpp: In function 'bool canRegExp(const QString&, const QString&)':
third_party\utils\stringutil.cpp:58:36: error: 'class QRegularExpression' has no member named 'indexIn'
   58 |     return QRegularExpression(pat).indexIn(str) > -1;
      |                                    ^~~~~~~
third_party\utils\stringutil.cpp: In function 'bool canBeNickname(QString)':
third_party\utils\stringutil.cpp:233:15: error: 'class QRegularExpression' has no member named 'exactMatch'
  233 |     return re.exactMatch(s);
      |               ^~~~~~~~~~
mingw32-make[1]: *** [Makefile.Release:19785: release/stringutil.o] Error 1
third_party\interactive_buttons\interactivebuttonbase.cpp: In constructor 'InteractiveButtonBase::InteractiveButtonBase(QWidget*)':
third_party\interactive_buttons\interactivebuttonbase.cpp:51:54: error: expected primary-expression before 'text'
   51 | InteractiveButtonBase::InteractiveButtonBase(QString text, QWidget *parent)
      |                                                      ^~~~
third_party\interactive_buttons\interactivebuttonbase.cpp:51:68: error: expected primary-expression before '*' token
   51 | InteractiveButtonBase::InteractiveButtonBase(QString text, QWidget *parent)
      |                                                                    ^
third_party\interactive_buttons\interactivebuttonbase.cpp:51:75: error: cannot call constructor 'InteractiveButtonBase::InteractiveButtonBase' directly [-fpermissive]
   51 | InteractiveButtonBase::InteractiveButtonBase(QString text, QWidget *parent)
      |                                                                           ^
third_party\interactive_buttons\interactivebuttonbase.cpp:51:75: note: for a function-style cast, remove the redundant '::InteractiveButtonBase'
third_party\interactive_buttons\interactivebuttonbase.cpp:59:52: error: expected primary-expression before 'icon'
   59 | InteractiveButtonBase::InteractiveButtonBase(QIcon icon, QWidget *parent)
      |                                                    ^~~~
third_party\interactive_buttons\interactivebuttonbase.cpp:59:66: error: expected primary-expression before '*' token
   59 | InteractiveButtonBase::InteractiveButtonBase(QIcon icon, QWidget *parent)
      |                                                                  ^
third_party\interactive_buttons\interactivebuttonbase.cpp:59:73: error: cannot call constructor 'InteractiveButtonBase::InteractiveButtonBase' directly [-fpermissive]
   59 | InteractiveButtonBase::InteractiveButtonBase(QIcon icon, QWidget *parent)
      |                                                                         ^
third_party\interactive_buttons\interactivebuttonbase.cpp:59:73: note: for a function-style cast, remove the redundant '::InteractiveButtonBase'
third_party\interactive_buttons\interactivebuttonbase.cpp:67:54: error: expected primary-expression before 'pixmap'
   67 | InteractiveButtonBase::InteractiveButtonBase(QPixmap pixmap, QWidget *parent)
      |                                                      ^~~~~~
third_party\interactive_buttons\interactivebuttonbase.cpp:67:70: error: expected primary-expression before '*' token
   67 | InteractiveButtonBase::InteractiveButtonBase(QPixmap pixmap, QWidget *parent)
      |                                                                      ^
third_party\interactive_buttons\interactivebuttonbase.cpp:67:77: error: cannot call constructor 'InteractiveButtonBase::InteractiveButtonBase' directly [-fpermissive]
   67 | InteractiveButtonBase::InteractiveButtonBase(QPixmap pixmap, QWidget *parent)
      |                                                                             ^
third_party\interactive_buttons\interactivebuttonbase.cpp:67:77: note: for a function-style cast, remove the redundant '::InteractiveButtonBase'
third_party\interactive_buttons\interactivebuttonbase.cpp:73:52: error: expected primary-expression before 'icon'
   73 | InteractiveButtonBase::InteractiveButtonBase(QIcon icon, QString text, QWidget *parent)
      |                                                    ^~~~
third_party\interactive_buttons\interactivebuttonbase.cpp:73:66: error: expected primary-expression before 'text'
   73 | InteractiveButtonBase::InteractiveButtonBase(QIcon icon, QString text, QWidget *parent)
      |                                                                  ^~~~
third_party\interactive_buttons\interactivebuttonbase.cpp:73:80: error: expected primary-expression before '*' token
   73 | InteractiveButtonBase::InteractiveButtonBase(QIcon icon, QString text, QWidget *parent)
      |                                                                                ^
third_party\interactive_buttons\interactivebuttonbase.cpp:73:87: error: cannot call constructor 'InteractiveButtonBase::InteractiveButtonBase' directly [-fpermissive]
   73 | InteractiveButtonBase::InteractiveButtonBase(QIcon icon, QString text, QWidget *parent)
      |                                                                                       ^
third_party\interactive_buttons\interactivebuttonbase.cpp:73:87: note: for a function-style cast, remove the redundant '::InteractiveButtonBase'
third_party\interactive_buttons\interactivebuttonbase.cpp:80:54: error: expected primary-expression before 'pixmap'
   80 | InteractiveButtonBase::InteractiveButtonBase(QPixmap pixmap, QString text, QWidget *parent)
      |                                                      ^~~~~~
third_party\interactive_buttons\interactivebuttonbase.cpp:80:70: error: expected primary-expression before 'text'
   80 | InteractiveButtonBase::InteractiveButtonBase(QPixmap pixmap, QString text, QWidget *parent)
      |                                                                      ^~~~
third_party\interactive_buttons\interactivebuttonbase.cpp:80:84: error: expected primary-expression before '*' token
   80 | InteractiveButtonBase::InteractiveButtonBase(QPixmap pixmap, QString text, QWidget *parent)
      |                                                                                    ^
third_party\interactive_buttons\interactivebuttonbase.cpp:80:91: error: cannot call constructor 'InteractiveButtonBase::InteractiveButtonBase' directly [-fpermissive]
   80 | InteractiveButtonBase::InteractiveButtonBase(QPixmap pixmap, QString text, QWidget *parent)
      |                                                                                           ^
third_party\interactive_buttons\interactivebuttonbase.cpp:80:91: note: for a function-style cast, remove the redundant '::InteractiveButtonBase'
third_party\interactive_buttons\interactivebuttonbase.cpp:91:36: error: qualified-id in declaration before '(' token
   91 | void InteractiveButtonBase::setText(QString text)
      |                                    ^
third_party\interactive_buttons\interactivebuttonbase.cpp:143:40: error: qualified-id in declaration before '(' token
  143 | void InteractiveButtonBase::setIconPath(QString path)
      |                                        ^
third_party\interactive_buttons\interactivebuttonbase.cpp:152:42: error: qualified-id in declaration before '(' token
  152 | void InteractiveButtonBase::setPixmapPath(QString path)
      |                                          ^
third_party\interactive_buttons\interactivebuttonbase.cpp:161:36: error: qualified-id in declaration before '(' token
  161 | void InteractiveButtonBase::setIcon(QIcon icon)
      |                                    ^
third_party\interactive_buttons\interactivebuttonbase.cpp:211:38: error: qualified-id in declaration before '(' token
  211 | void InteractiveButtonBase::setPixmap(QPixmap pixmap)
      |                                      ^
third_party\interactive_buttons\interactivebuttonbase.cpp:249:39: error: qualified-id in declaration before '(' token
  249 | void InteractiveButtonBase::setSvgPath(QString path)
      |                                       ^
third_party\interactive_buttons\interactivebuttonbase.cpp:264:42: error: qualified-id in declaration before '(' token
  264 | void InteractiveButtonBase::setPaintAddin(QIcon icon, Qt::Alignment align, QSize size)
      |                                          ^
third_party\interactive_buttons\interactivebuttonbase.cpp:276:42: error: qualified-id in declaration before '(' token
  276 | void InteractiveButtonBase::setPaintAddin(QPixmap pixmap, Qt::Alignment align, QSize size)
      |                                          ^
third_party\interactive_buttons\interactivebuttonbase.cpp:285:49: error: qualified-id in declaration before '(' token
  285 | void InteractiveButtonBase::setPaintAddinPadding(int horizonal, int vertival)
      |                                                 ^
third_party\interactive_buttons\interactivebuttonbase.cpp:291:49: error: qualified-id in declaration before '(' token
  291 | void InteractiveButtonBase::setPaintAddinPadding(int left, int top, int right, int bottom)
      |                                                 ^
third_party\interactive_buttons\interactivebuttonbase.cpp:302:43: error: qualified-id in declaration before '(' token
  302 | void InteractiveButtonBase::setSelfEnabled(bool e)
      |                                           ^
third_party\interactive_buttons\interactivebuttonbase.cpp:309:45: error: qualified-id in declaration before '(' token
  309 | void InteractiveButtonBase::setParentEnabled(bool e)
      |                                             ^
third_party\interactive_buttons\interactivebuttonbase.cpp:325:43: error: qualified-id in declaration before '(' token
  325 | void InteractiveButtonBase::setForeEnabled(bool e)
      |                                           ^
third_party\interactive_buttons\interactivebuttonbase.cpp:333:48: error: qualified-id in declaration before '(' token
  333 | void InteractiveButtonBase::setHoverAniDuration(int d)
      |                                                ^
third_party\interactive_buttons\interactivebuttonbase.cpp:342:48: error: qualified-id in declaration before '(' token
  342 | void InteractiveButtonBase::setPressAniDuration(int d)
      |                                                ^
third_party\interactive_buttons\interactivebuttonbase.cpp:350:48: error: qualified-id in declaration before '(' token
  350 | void InteractiveButtonBase::setClickAniDuration(int d)
      |                                                ^
third_party\interactive_buttons\interactivebuttonbase.cpp:359:48: error: qualified-id in declaration before '(' token
  359 | void InteractiveButtonBase::setWaterAniDuration(int press, int release, int finish)
      |                                                ^
third_party\interactive_buttons\interactivebuttonbase.cpp:369:40: error: qualified-id in declaration before '(' token
  369 | void InteractiveButtonBase::changeEvent(QEvent *event)
      |                                        ^
third_party\interactive_buttons\interactivebuttonbase.cpp: In member function 'void InteractiveButtonBase::setFontSize(int)':
third_party\interactive_buttons\interactivebuttonbase.cpp:550:29: warning: unused variable 'ani' [-Wunused-variable]
  550 |         QPropertyAnimation *ani = new QPropertyAnimation(this, "font_size");
      |                             ^~~
third_party\interactive_buttons\interactivebuttonbase.cpp:549:5: warning: this 'else' clause does not guard... [-Wmisleading-indentation]
  549 |     else // 閺€鐟板綁鐎涙ぞ缍嬫径褍鐨敍灞煎▏閻劌鐡ф担鎾剁級閺€鎯уЗ閻?    {
      |     ^~~~
third_party\interactive_buttons\interactivebuttonbase.cpp:551:9: note: ...this statement, but the latter is misleadingly indented as if it were guarded by the 'else'
  551 |         ani->setStartValue(font_size);
      |         ^~~
third_party\interactive_buttons\interactivebuttonbase.cpp:551:9: error: 'ani' was not declared in this scope
third_party\interactive_buttons\interactivebuttonbase.cpp: At global scope:
third_party\interactive_buttons\interactivebuttonbase.cpp:562:5: error: expected unqualified-id before 'if'
  562 |     if (text_dynamic_size)
      |     ^~
third_party\interactive_buttons\interactivebuttonbase.cpp:569:5: error: expected unqualified-id before 'if'
  569 |     if (model != PaintModel::Text)
      |     ^~
third_party\interactive_buttons\interactivebuttonbase.cpp:574:1: error: expected declaration before '}' token
  574 | }
      | ^
third_party\interactive_buttons\interactivebuttonbase.cpp: In member function 'void InteractiveButtonBase::setDisabled(bool)':
third_party\interactive_buttons\interactivebuttonbase.cpp:670:40: error: qualified-id in declaration before '(' token
  670 | void InteractiveButtonBase::setPaddings(int l, int r, int t, int b)
      |                                        ^
third_party\interactive_buttons\interactivebuttonbase.cpp:684:40: error: qualified-id in declaration before '(' token
  684 | void InteractiveButtonBase::setPaddings(int h, int v)
      |                                        ^
third_party\interactive_buttons\interactivebuttonbase.cpp:695:40: error: qualified-id in declaration before '(' token
  695 | void InteractiveButtonBase::setPaddings(int x)
      |                                        ^
third_party\interactive_buttons\interactivebuttonbase.cpp:706:49: error: qualified-id in declaration before '(' token
  706 | void InteractiveButtonBase::setIconPaddingProper(double x)
      |                                                 ^
third_party\interactive_buttons\interactivebuttonbase.cpp:717:47: error: qualified-id in declaration before '(' token
  717 | void InteractiveButtonBase::setTextDynamicSize(bool d)
      |                                               ^
third_party\interactive_buttons\interactivebuttonbase.cpp:725:44: error: qualified-id in declaration before '(' token
  725 | void InteractiveButtonBase::setFixedTextPos(bool f)
      |                                            ^
third_party\interactive_buttons\interactivebuttonbase.cpp:735:44: error: qualified-id in declaration before '(' token
  735 | void InteractiveButtonBase::setFixedForePos(bool f)
      |                                            ^
third_party\interactive_buttons\interactivebuttonbase.cpp:743:45: error: qualified-id in declaration before '(' token
  743 | void InteractiveButtonBase::setFixedForeSize(bool f, int addin)
      |                                             ^
third_party\interactive_buttons\interactivebuttonbase.cpp:769:42: error: qualified-id in declaration before '(' token
  769 | void InteractiveButtonBase::setSquareSize()
      |                                          ^
third_party\interactive_buttons\interactivebuttonbase.cpp:780:47: error: qualified-id in declaration before '(' token
  780 | void InteractiveButtonBase::setLeaveAfterClick(bool l)
      |                                               ^
third_party\interactive_buttons\interactivebuttonbase.cpp:790:45: error: qualified-id in declaration before '(' token
  790 | void InteractiveButtonBase::setDoubleClicked(bool e)
      |                                             ^
third_party\interactive_buttons\interactivebuttonbase.cpp:808:45: error: qualified-id in declaration before '(' token
  808 | void InteractiveButtonBase::setAutoTextColor(bool a)
      |                                             ^
third_party\interactive_buttons\interactivebuttonbase.cpp:817:44: error: qualified-id in declaration before '(' token
  817 | void InteractiveButtonBase::setPretendFocus(bool f)
      |                                            ^
third_party\interactive_buttons\interactivebuttonbase.cpp:826:42: error: qualified-id in declaration before '(' token
  826 | void InteractiveButtonBase::setBlockHover(bool b)
      |                                          ^
third_party\interactive_buttons\interactivebuttonbase.cpp:836:39: error: qualified-id in declaration before '(' token
  836 | void InteractiveButtonBase::setShowAni(bool enable)
      |                                       ^
third_party\interactive_buttons\interactivebuttonbase.cpp:849:9: error: expected '}' before 'else'
  849 |         else // 鎼存棁顕氶弰顖涙▔缁€铏瑰Ц閹?        {
      |         ^~~~
third_party\interactive_buttons\interactivebuttonbase.cpp:653:5: note: to match this '{'
  653 |     {
      |     ^
third_party\interactive_buttons\interactivebuttonbase.cpp:849:9: warning: this 'else' clause does not guard... [-Wmisleading-indentation]
  849 |         else // 鎼存棁顕氶弰顖涙▔缁€铏瑰Ц閹?        {
      |         ^~~~
third_party\interactive_buttons\interactivebuttonbase.cpp:851:13: note: ...this statement, but the latter is misleadingly indented as if it were guarded by the 'else'
  851 |             show_ani_appearing = show_ani_disappearing = false;
      |             ^~~~~~~~~~~~~~~~~~
third_party\interactive_buttons\interactivebuttonbase.cpp: At global scope:
third_party\interactive_buttons\interactivebuttonbase.cpp:854:5: error: expected declaration before '}' token
  854 |     }
      |     ^
third_party\interactive_buttons\interactivebuttonbase.cpp:855:1: error: expected declaration before '}' token
  855 | }
      | ^
third_party\interactive_buttons\interactivebuttonbase.cpp: In member function 'virtual void InteractiveButtonBase::simulateStatePress(bool, bool)':
third_party\interactive_buttons\interactivebuttonbase.cpp:995:141: warning: 'QMouseEvent::QMouseEvent(QEvent::Type, const QPointF&, Qt::MouseButton, Qt::MouseButtons, Qt::KeyboardModifiers, const QPointingDevice*)' is deprecated: 
Use another constructor [-Wdeprecated-declarations]
  995 |     mousePressEvent(new QMouseEvent(QMouseEvent::Type::None, QPoint(width() / 2, height() / 2), Qt::LeftButton, Qt::NoButton, Qt::NoModifier));
      |                                                                                                                                             ^
In file included from D:/Software/Qt/6.11.1/mingw_64/include/QtGui/QMouseEvent:1,
                 from third_party\interactive_buttons\interactivebuttonbase.h:10,
                 from third_party\interactive_buttons\interactivebuttonbase.cpp:1:
D:/Software/Qt/6.11.1/mingw_64/include/QtGui/qevent.h:202:5: note: declared here
  202 |     QMouseEvent(Type type, const QPointF &localPos, Qt::MouseButton button,
      |     ^~~~~~~~~~~
third_party\interactive_buttons\interactivebuttonbase.cpp:997:143: warning: 'QMouseEvent::QMouseEvent(QEvent::Type, const QPointF&, Qt::MouseButton, Qt::MouseButtons, Qt::KeyboardModifiers, const QPointingDevice*)' is deprecated: 
Use another constructor [-Wdeprecated-declarations]
  997 |     mouseReleaseEvent(new QMouseEvent(QMouseEvent::Type::None, QPoint(width() / 2, height() / 2), Qt::LeftButton, Qt::NoButton, Qt::NoModifier));
      |                                                                                                                                               ^
D:/Software/Qt/6.11.1/mingw_64/include/QtGui/qevent.h:202:5: note: declared here
  202 |     QMouseEvent(Type type, const QPointF &localPos, Qt::MouseButton button,
      |     ^~~~~~~~~~~
third_party\interactive_buttons\interactivebuttonbase.cpp: In member function 'void InteractiveButtonBase::discardHoverPress(bool)':
third_party\interactive_buttons\interactivebuttonbase.cpp:1030:147: warning: 'QMouseEvent::QMouseEvent(QEvent::Type, const QPointF&, Qt::MouseButton, Qt::MouseButtons, Qt::KeyboardModifiers, const QPointingDevice*)' is deprecated:
 Use another constructor [-Wdeprecated-declarations]
 1030 |         mouseReleaseEvent(new QMouseEvent(QMouseEvent::Type::None, QPoint(width() / 2, height() / 2), Qt::LeftButton, Qt::NoButton, Qt::NoModifier));
      |                                                                                                                                                   ^
D:/Software/Qt/6.11.1/mingw_64/include/QtGui/qevent.h:202:5: note: declared here
  202 |     QMouseEvent(Type type, const QPointF &localPos, Qt::MouseButton button,
      |     ^~~~~~~~~~~
third_party\interactive_buttons\interactivebuttonbase.cpp: In member function 'virtual void InteractiveButtonBase::mousePressEvent(QMouseEvent*)':
third_party\interactive_buttons\interactivebuttonbase.cpp:1081:88: error: no matching function for call to 'QEnterEvent::QEnterEvent(std::nullptr_t, std::nullptr_t, std::nullptr_t)'
 1081 |             InteractiveButtonBase::enterEvent(new QEnterEvent(nullptr, nullptr, nullptr));
      |                                                                                        ^
D:/Software/Qt/6.11.1/mingw_64/include/QtGui/qevent.h:169:5: note: candidate: 'QEnterEvent::QEnterEvent(const QPointF&, const QPointF&, const QPointF&, const QPointingDevice*)'
  169 |     QEnterEvent(const QPointF &localPos, const QPointF &scenePos, const QPointF &globalPos,
      |     ^~~~~~~~~~~
D:/Software/Qt/6.11.1/mingw_64/include/QtGui/qevent.h:169:32: note:   no known conversion for argument 1 from 'std::nullptr_t' to 'const QPointF&'
  169 |     QEnterEvent(const QPointF &localPos, const QPointF &scenePos, const QPointF &globalPos,
      |                 ~~~~~~~~~~~~~~~^~~~~~~~
In file included from D:/Software/Qt/6.11.1/mingw_64/include/QtCore/qcoreapplication.h:11,
                 from D:/Software/Qt/6.11.1/mingw_64/include/QtWidgets/qapplication.h:9,
                 from D:/Software/Qt/6.11.1/mingw_64/include/QtWidgets/QApplication:1,
                 from third_party\interactive_buttons\interactivebuttonbase.h:5:
D:/Software/Qt/6.11.1/mingw_64/include/QtGui/qevent.h:167:25: note: candidate: 'QEnterEvent::QEnterEvent(const QEnterEvent&)'
  167 |     Q_DECL_EVENT_COMMON(QEnterEvent)
      |                         ^~~~~~~~~~~
D:/Software/Qt/6.11.1/mingw_64/include/QtCore/qcoreevent.h:27:9: note: in definition of macro 'Q_DECL_EVENT_COMMON'
   27 |         Class(const Class &); \
      |         ^~~~~
D:/Software/Qt/6.11.1/mingw_64/include/QtGui/qevent.h:167:25: note:   candidate expects 1 argument, 3 provided
  167 |     Q_DECL_EVENT_COMMON(QEnterEvent)
      |                         ^~~~~~~~~~~
D:/Software/Qt/6.11.1/mingw_64/include/QtCore/qcoreevent.h:27:9: note: in definition of macro 'Q_DECL_EVENT_COMMON'
   27 |         Class(const Class &); \
      |         ^~~~~
third_party\interactive_buttons\interactivebuttonbase.cpp: In member function 'virtual void InteractiveButtonBase::mouseReleaseEvent(QMouseEvent*)':
third_party\interactive_buttons\interactivebuttonbase.cpp:1162:13: error: expected '}' before 'else'
 1162 |             else // 閸欘垵鍏橀弰顖氬蓟閸戜紮绱濋崙鍡楊槵
      |             ^~~~
third_party\interactive_buttons\interactivebuttonbase.cpp:1152:9: note: to match this '{'
 1152 |         {
      |         ^
third_party\interactive_buttons\interactivebuttonbase.cpp: At global scope:
third_party\interactive_buttons\interactivebuttonbase.cpp:1169:5: error: expected unqualified-id before 'else'
 1169 |     else if (leave_after_clicked && !pressing && double_clicked && double_prevent) // 閸欏苯鍤敍灞姐亼閸樿崵鍔嶉悙閫涚啊閿涘ressing 娑撱垹銇?      |     ^~~~
third_party\interactive_buttons\interactivebuttonbase.cpp:1173:5: error: expected unqualified-id before 'else'
 1173 |     else if (event->button() == Qt::RightButton && event->buttons() == Qt::NoButton)
      |     ^~~~
third_party\interactive_buttons\interactivebuttonbase.cpp:1178:5: error: 'mouse_release_event' does not name a type
 1178 |     mouse_release_event = event;
      |     ^~~~~~~~~~~~~~~~~~~
third_party\interactive_buttons\interactivebuttonbase.cpp:1179:28: error: expected constructor, destructor, or type conversion before '(' token
 1179 |     emit signalMouseRelease(event);
      |                            ^
third_party\interactive_buttons\interactivebuttonbase.cpp:1181:5: error: expected unqualified-id before 'return'
 1181 |     return QPushButton::mouseReleaseEvent(event);
      |     ^~~~~~
third_party\interactive_buttons\interactivebuttonbase.cpp:1182:1: error: expected declaration before '}' token
 1182 | }
      | ^
third_party\interactive_buttons\interactivebuttonbase.cpp: In member function 'virtual void InteractiveButtonBase::paintEvent(QPaintEvent*)':
third_party\interactive_buttons\interactivebuttonbase.cpp:1282:5: error: 'painter' was not declared in this scope; did you mean 'painters'?
 1282 |     painter.setRenderHint(QPainter::Antialiasing, true);
      |     ^~~~~~~
      |     painters
third_party\interactive_buttons\interactivebuttonbase.cpp:1367:73: error: no matching function for call to 'QRectF::QRectF(qreal, qreal, int)'
 1367 |                      height() - fore_paddings.top - fore_paddings.bottom);
      |                                                                         ^
In file included from D:/Software/Qt/6.11.1/mingw_64/include/QtGui/qpaintdevice.h:9,
                 from D:/Software/Qt/6.11.1/mingw_64/include/QtGui/qpixmap.h:8,
                 from D:/Software/Qt/6.11.1/mingw_64/include/QtGui/qbitmap.h:8,
                 from D:/Software/Qt/6.11.1/mingw_64/include/QtGui/qcursor.h:10,
                 from D:/Software/Qt/6.11.1/mingw_64/include/QtWidgets/qapplication.h:13:
D:/Software/Qt/6.11.1/mingw_64/include/QtCore/qrect.h:676:18: note: candidate: 'constexpr QRectF::QRectF(const QRect&)'
  676 | constexpr inline QRectF::QRectF(const QRect &r) noexcept
      |                  ^~~~~~
D:/Software/Qt/6.11.1/mingw_64/include/QtCore/qrect.h:676:18: note:   candidate expects 1 argument, 3 provided
D:/Software/Qt/6.11.1/mingw_64/include/QtCore/qrect.h:660:18: note: candidate: 'constexpr QRectF::QRectF(qreal, qreal, qreal, qreal)'
  660 | constexpr inline QRectF::QRectF(qreal aleft, qreal atop, qreal awidth, qreal aheight) noexcept
      |                  ^~~~~~
D:/Software/Qt/6.11.1/mingw_64/include/QtCore/qrect.h:660:18: note:   candidate expects 4 arguments, 3 provided
D:/Software/Qt/6.11.1/mingw_64/include/QtCore/qrect.h:671:18: note: candidate: 'constexpr QRectF::QRectF(const QPointF&, const QPointF&)'
  671 | constexpr inline QRectF::QRectF(const QPointF &atopLeft, const QPointF &abottomRight) noexcept
      |                  ^~~~~~
D:/Software/Qt/6.11.1/mingw_64/include/QtCore/qrect.h:671:18: note:   candidate expects 2 arguments, 3 provided
D:/Software/Qt/6.11.1/mingw_64/include/QtCore/qrect.h:665:18: note: candidate: 'constexpr QRectF::QRectF(const QPointF&, const QSizeF&)'
  665 | constexpr inline QRectF::QRectF(const QPointF &atopLeft, const QSizeF &asize) noexcept
      |                  ^~~~~~
D:/Software/Qt/6.11.1/mingw_64/include/QtCore/qrect.h:665:18: note:   candidate expects 2 arguments, 3 provided
D:/Software/Qt/6.11.1/mingw_64/include/QtCore/qrect.h:512:15: note: candidate: 'constexpr QRectF::QRectF()'
  512 |     constexpr QRectF() noexcept : xp(0.), yp(0.), w(0.), h(0.) {}
      |               ^~~~~~
D:/Software/Qt/6.11.1/mingw_64/include/QtCore/qrect.h:512:15: note:   candidate expects 0 arguments, 3 provided
D:/Software/Qt/6.11.1/mingw_64/include/QtCore/qrect.h:509:21: note: candidate: 'constexpr QRectF::QRectF(const QRectF&)'
  509 | class Q_CORE_EXPORT QRectF
      |                     ^~~~~~
D:/Software/Qt/6.11.1/mingw_64/include/QtCore/qrect.h:509:21: note:   candidate expects 1 argument, 3 provided
D:/Software/Qt/6.11.1/mingw_64/include/QtCore/qrect.h:509:21: note: candidate: 'constexpr QRectF::QRectF(QRectF&&)'
D:/Software/Qt/6.11.1/mingw_64/include/QtCore/qrect.h:509:21: note:   candidate expects 1 argument, 3 provided
third_party\interactive_buttons\interactivebuttonbase.cpp:1388:20: warning: unused variable 'delta_x' [-Wunused-variable]
 1388 |             double delta_x = 0, delta_y = 0;
      |                    ^~~~~~~
third_party\interactive_buttons\interactivebuttonbase.cpp:1388:33: warning: unused variable 'delta_y' [-Wunused-variable]
 1388 |             double delta_x = 0, delta_y = 0;
      |                                 ^~~~~~~
third_party\interactive_buttons\interactivebuttonbase.cpp:1387:14: warning: this 'if' clause does not guard... [-Wmisleading-indentation]
 1387 |         else if (align == Qt::AlignCenter && model != PaintModel::Text && !fixed_fore_size) // 姒涙顓婚惃鍕級閺€鎯уЗ閻?        {
      |              ^~
third_party\interactive_buttons\interactivebuttonbase.cpp:1389:13: note: ...this statement, but the latter is misleadingly indented as if it were guarded by the 'if'
 1389 |             if (click_ani_progress != 0) // 閸ョ偓鐖ｇ紓鈺傛杹
      |             ^~
third_party\interactive_buttons\interactivebuttonbase.cpp:1391:17: error: 'delta_x' was not declared in this scope
 1391 |                 delta_x = rect.width() * click_ani_progress / 400;
      |                 ^~~~~~~
third_party\interactive_buttons\interactivebuttonbase.cpp:1392:17: error: 'delta_y' was not declared in this scope
 1392 |                 delta_y = rect.height() * click_ani_progress / 400;
      |                 ^~~~~~~
third_party\interactive_buttons\interactivebuttonbase.cpp:1408:17: error: 'delta_x' was not declared in this scope
 1408 |                 delta_x = static_cast<int>(rect.width() * (1 - pro));
      |                 ^~~~~~~
third_party\interactive_buttons\interactivebuttonbase.cpp:1409:17: error: 'delta_y' was not declared in this scope
 1409 |                 delta_y = static_cast<int>(rect.height() * (1 - pro));
      |                 ^~~~~~~
third_party\interactive_buttons\interactivebuttonbase.cpp:1414:17: error: 'delta_x' was not declared in this scope
 1414 |                 delta_x = rect.width() * pro;  // (100-show_ani_progress) / 100;
      |                 ^~~~~~~
third_party\interactive_buttons\interactivebuttonbase.cpp:1415:17: error: 'delta_y' was not declared in this scope
 1415 |                 delta_y = rect.height() * pro; // (100-show_ani_progress) / 100;
      |                 ^~~~~~~
third_party\interactive_buttons\interactivebuttonbase.cpp:1417:21: error: 'delta_x' was not declared in this scope
 1417 |             if (int(delta_x+1e-6) || int(delta_y+1e-6))
      |                     ^~~~~~~
third_party\interactive_buttons\interactivebuttonbase.cpp:1417:42: error: 'delta_y' was not declared in this scope
 1417 |             if (int(delta_x+1e-6) || int(delta_y+1e-6))
      |                                          ^~~~~~~
third_party\interactive_buttons\interactivebuttonbase.cpp:1432:9: error: expected '}' before 'else'
 1432 |         else if (model == Text)
      |         ^~~~
third_party\interactive_buttons\interactivebuttonbase.cpp:1430:9: note: to match this '{'
 1430 |         {
      |         ^
third_party\interactive_buttons\interactivebuttonbase.cpp:1457:46: error: invalid use of member 'QRect QWidget::rect() const' (did you forget the '&' ?)
 1457 |                 svg_render->render(&painter, rect.toRect());
      |                                              ^~~~
third_party\interactive_buttons\interactivebuttonbase.cpp:1461:38: error: invalid use of member 'QRect QWidget::rect() const' (did you forget the '&' ?)
 1461 |                 icon.paint(&painter, rect.toRect(), align, getIconMode());
      |                                      ^~~~
third_party\interactive_buttons\interactivebuttonbase.cpp:1472:30: error: invalid use of member 'QRect QWidget::rect() const' (did you forget the '&' ?)
 1472 |             QRectF icon_rect(rect.left(), rect.top() + rect.height() / 2 - sz / 2, sz, sz);
      |                              ^~~~
third_party\interactive_buttons\interactivebuttonbase.cpp:1472:43: error: invalid use of member 'QRect QWidget::rect() const' (did you forget the '&' ?)
 1472 |             QRectF icon_rect(rect.left(), rect.top() + rect.height() / 2 - sz / 2, sz, sz);
      |                                           ^~~~
third_party\interactive_buttons\interactivebuttonbase.cpp:1475:13: error: invalid use of member 'QRect QWidget::rect() const' (did you forget the '&' ?)
 1475 |             rect.setLeft(rect.left() + sz + icon_text_padding);
      |             ^~~~
third_party\interactive_buttons\interactivebuttonbase.cpp:1479:13: error: invalid use of member 'QRect QWidget::rect() const' (did you forget the '&' ?)
 1479 |             rect.setWidth(rect.width() + sz + icon_text_padding);
      |             ^~~~
third_party\interactive_buttons\interactivebuttonbase.cpp: At global scope:
third_party\interactive_buttons\interactivebuttonbase.cpp:1495:1: error: expected declaration before '}' token
 1495 | }
      | ^
third_party\interactive_buttons\interactivebuttonbase.cpp: In member function 'void InteractiveButtonBase::setJitter()':
third_party\interactive_buttons\interactivebuttonbase.cpp:1659:5: warning: this 'if' clause does not guard... [-Wmisleading-indentation]
 1659 |     if (full_manh > (geometry().topLeft() - geometry().bottomRight()).manhattanLength()) // 鐠烘繄顬囩搾鍛扮箖婢舵牗甯撮崷鍡楀磹瀵板嫸绱濆鈧崥顖涘閸?    {
      |     ^~
third_party\interactive_buttons\interactivebuttonbase.cpp:1661:9: note: ...this statement, but the latter is misleadingly indented as if it were guarded by the 'if'
 1661 |         full_manh = (jitter_pos - center_pos).manhattanLength();
      |         ^~~~~~~~~
third_party\interactive_buttons\interactivebuttonbase.cpp:1661:22: error: 'jitter_pos' was not declared in this scope; did you mean 'enter_pos'?
 1661 |         full_manh = (jitter_pos - center_pos).manhattanLength();
      |                      ^~~~~~~~~~
      |                      enter_pos
third_party\interactive_buttons\interactivebuttonbase.cpp: At global scope:
third_party\interactive_buttons\interactivebuttonbase.cpp:1676:5: error: expected unqualified-id before 'else'
 1676 |     else if (!hovering) // 閹剚璇為惃鍕閸婃瑤绶烽弮褎婀侀弫?    {
      |     ^~~~
third_party\interactive_buttons\interactivebuttonbase.cpp:1679:5: error: expected declaration before '}' token
 1679 |     }
      |     ^
third_party\interactive_buttons\interactivebuttonbase.cpp:1680:1: error: expected declaration before '}' token
 1680 | }
      | ^
third_party\interactive_buttons\interactivebuttonbase.cpp: In member function 'int InteractiveButtonBase::quick_sqrt(long int) const':
third_party\interactive_buttons\interactivebuttonbase.cpp:1709:5: warning: this 'for' clause does not guard... [-Wmisleading-indentation]
 1709 |     for (i = 15; i > 0; i--) // 濮瑰倸澧挎担娆戞畱15娴?    {
      |     ^~~
third_party\interactive_buttons\interactivebuttonbase.cpp:1711:9: note: ...this statement, but the latter is misleadingly indented as if it were guarded by the 'for'
 1711 |         tmp += (M >> 30); // 閸嬪洩顔?      |         ^~~
third_party\interactive_buttons\interactivebuttonbase.cpp: At global scope:
third_party\interactive_buttons\interactivebuttonbase.cpp:1721:5: error: expected unqualified-id before 'return'
 1721 |     return (fu ? -1 : 1) * static_cast<int>(N); // 娑撳秶鐓￠柆鎾茶礋娴犫偓娑斿牐顓哥粻妤€鍤弶銉ф畱缂佹挻鐏夐弰顖氬冀鏉╁洦娼甸惃?}
      |     ^~~~~~
third_party\interactive_buttons\interactivebuttonbase.cpp: In member function 'QPixmap InteractiveButtonBase::getMaskPixmap(QPixmap, QColor)':
third_party\interactive_buttons\interactivebuttonbase.cpp:1777:5: error: 'newPixmap' was not declared in this scope; did you mean 'setPixmap'?
 1777 |     newPixmap.fill(Qt::transparent); // 鐠佸墽鐤嗛懗灞炬珯娑撴椽鈧繑妲?      |     ^~~~~~~~~
      |     setPixmap
third_party\interactive_buttons\interactivebuttonbase.cpp: In member function 'virtual void InteractiveButtonBase::anchorTimeOut()':
third_party\interactive_buttons\interactivebuttonbase.cpp:1954:13: warning: this 'if' clause does not guard... [-Wmisleading-indentation]
 1954 |             if (water.finished) // 缂佹挻娼悩鑸碘偓?            {
      |             ^~
third_party\interactive_buttons\interactivebuttonbase.cpp:1956:17: note: ...this statement, but the latter is misleadingly indented as if it were guarded by the 'if'
 1956 |                 if (water.progress <= 0)
      |                 ^~
third_party\interactive_buttons\interactivebuttonbase.cpp:1966:21: error: 'water' was not declared in this scope; did you mean 'Water'?
 1966 |                 if (water.progress >= 100) // 濠娾€茬啊
      |                     ^~~~~
      |                     Water
third_party\interactive_buttons\interactivebuttonbase.cpp:1969:21: warning: this 'if' clause does not guard... [-Wmisleading-indentation]
 1969 |                     if (water.release_timestamp) // 姒х姵鐖ｅ鑼病閺夋儳绱戞禍?                    {
      |                     ^~
third_party\interactive_buttons\interactivebuttonbase.cpp:1971:25: note: ...this statement, but the latter is misleadingly indented as if it were guarded by the 'if'
 1971 |                         water.finish_timestamp = timestamp;
      |                         ^~~~~
third_party\interactive_buttons\interactivebuttonbase.cpp: At global scope:
third_party\interactive_buttons\interactivebuttonbase.cpp:1974:17: error: expected unqualified-id before 'else'
 1974 |                 else // 閸斻劎鏁炬稉顓犳畱
      |                 ^~~~
third_party\interactive_buttons\interactivebuttonbase.cpp:1979:21: error: expected unqualified-id before 'else'
 1979 |                     else // 姒х姵鐖ｆ稉鈧惄瀛樺瘻娑?                    {
      |                     ^~~~
third_party\interactive_buttons\interactivebuttonbase.cpp:1981:21: error: expected declaration before '}' token
 1981 |                     }
      |                     ^
third_party\interactive_buttons\interactivebuttonbase.cpp:1982:21: error: expected unqualified-id before 'if'
 1982 |                     if (water.progress >= 100)
      |                     ^~
third_party\interactive_buttons\interactivebuttonbase.cpp:1989:21: error: expected declaration before '}' token
 1989 |                     }
      |                     ^
third_party\interactive_buttons\interactivebuttonbase.cpp:1990:17: error: expected declaration before '}' token
 1990 |                 }
      |                 ^
third_party\interactive_buttons\interactivebuttonbase.cpp:1991:13: error: expected declaration before '}' token
 1991 |             }
      |             ^
third_party\interactive_buttons\interactivebuttonbase.cpp:1992:9: error: expected declaration before '}' token
 1992 |         }
      |         ^
third_party\interactive_buttons\interactivebuttonbase.cpp:1993:5: error: expected declaration before '}' token
 1993 |     }
      |     ^
third_party\interactive_buttons\interactivebuttonbase.cpp:1996:5: error: expected unqualified-id before 'if'
 1996 |     if (show_animation)
      |     ^~
third_party\interactive_buttons\interactivebuttonbase.cpp:2033:5: error: expected unqualified-id before 'if'
 2033 |     if (click_ani_disappearing) // 閻愮懓鍤崝銊ф暰閺佸牊鐏夊☉鍫濄亼
      |     ^~
third_party\interactive_buttons\interactivebuttonbase.cpp:2047:5: error: expected unqualified-id before 'if'
 2047 |     if (click_ani_appearing) // 閻愮懓鍤崝銊ф暰閺佸牊鐏?      |     ^~
third_party\interactive_buttons\interactivebuttonbase.cpp:2064:5: error: expected unqualified-id before 'if'
 2064 |     if (jitters.size() > 0) // 閺夋儳绱戦弮鍓佹畱閹舵牕濮╅弫鍫熺亯
      |     ^~
third_party\interactive_buttons\interactivebuttonbase.cpp:2084:5: error: expected unqualified-id before 'else'
 2084 |     else if (anchor_pos != mouse_pos) // 缁夎濮╅弫鍫熺亯
      |     ^~~~
third_party\interactive_buttons\interactivebuttonbase.cpp:2097:5: error: expected unqualified-id before 'else'
 2097 |     else if (!pressing && !hovering && !hover_progress && !press_progress && !click_ani_appearing && !click_ani_disappearing && !jitters.size() && !waters.size() && !show_ani_appearing && !show_ani_disappearing) // 濞屸剝婀侀棁鈧
憰浣稿鏉炵晫娈戞い鐧哥礉閺嗗倸浠犻敍鍫ｅΝ缁撅箒绁┃鎰剁礆
      |     ^~~~
third_party\interactive_buttons\interactivebuttonbase.cpp:2103:5: error: expected unqualified-id before 'if'
 2103 |     if (unified_geometry)
      |     ^~
third_party\interactive_buttons\interactivebuttonbase.cpp:2108:13: error: expected constructor, destructor, or type conversion before ';' token
 2108 |     update();
      |             ^
third_party\interactive_buttons\interactivebuttonbase.cpp:2109:1: error: expected declaration before '}' token
 2109 | }
      | ^
third_party\interactive_buttons\interactivebuttonbase.cpp: In member function 'double InteractiveButtonBase::getNolinearProg(int, NolinearType)':
third_party\interactive_buttons\interactivebuttonbase.cpp:1822:1: warning: control reaches end of non-void function [-Wreturn-type]
 1822 | }
      | ^
mingw32-make[1]: *** [Makefile.Release:16009: release/interactivebuttonbase.o] Error 1
mingw32-make[1]: Leaving directory 'E:/A1/FloatingUniverse-master'
mingw32-make: *** [Makefile:45: release] Error 2
